%!Adobe-FontList 1.14
%Locale:0x409

%BeginFont
Handler:DirectoryHandler
FontType:TrueType
FontName:Cookie-Regular
FamilyName:Cookie
StyleName:Regular
FullName:Cookie-Regular
MenuName:Cookie
StyleBits:0
WritingScript:Roman
OutlineFileName:C:\Users\ahesantitu\Desktop\prejentation\Font\Cookie-Regular.ttf
DataFormat:sfntData
FileLength:43800
FileModTime:1617256908
WeightClass:400
WidthClass:5
AngleClass:0
%EndFont

%BeginFont
Handler:DirectoryHandler
FontType:TrueType
FontName:Raleway-Black
FamilyName:Raleway
StyleName:Black
FullName:Raleway Black
MenuName:Raleway Black
StyleBits:0
WritingScript:Roman
OutlineFileName:C:\Users\ahesantitu\Desktop\prejentation\Font\Raleway-Black.ttf
DataFormat:sfntData
FileLength:180592
FileModTime:1617256840
WeightClass:900
WidthClass:5
AngleClass:0
%EndFont

%BeginFont
Handler:DirectoryHandler
FontType:TrueType
FontName:Raleway-Bold
FamilyName:Raleway
StyleName:Bold
FullName:Raleway Bold
MenuName:Raleway
StyleBits:2
WritingScript:Roman
OutlineFileName:C:\Users\ahesantitu\Desktop\prejentation\Font\Raleway-Bold.ttf
DataFormat:sfntData
FileLength:179244
FileModTime:1617256840
WeightClass:700
WidthClass:5
AngleClass:0
%EndFont

%BeginFont
Handler:DirectoryHandler
FontType:TrueType
FontName:Raleway-Light
FamilyName:Raleway
StyleName:Light
FullName:Raleway Light
MenuName:Raleway Light
StyleBits:0
WritingScript:Roman
OutlineFileName:C:\Users\ahesantitu\Desktop\prejentation\Font\Raleway-Light.ttf
DataFormat:sfntData
FileLength:182376
FileModTime:1617256840
WeightClass:300
WidthClass:5
AngleClass:0
%EndFont

%BeginFont
Handler:DirectoryHandler
FontType:TrueType
FontName:Raleway-Medium
FamilyName:Raleway
StyleName:Medium
FullName:Raleway Medium
MenuName:Raleway Medium
StyleBits:0
WritingScript:Roman
OutlineFileName:C:\Users\ahesantitu\Desktop\prejentation\Font\Raleway-Medium.ttf
DataFormat:sfntData
FileLength:179444
FileModTime:1617256840
WeightClass:500
WidthClass:5
AngleClass:0
%EndFont

%BeginFont
Handler:DirectoryHandler
FontType:TrueType
FontName:Raleway-Regular
FamilyName:Raleway
StyleName:Regular
FullName:Raleway
MenuName:Raleway
StyleBits:0
WritingScript:Roman
OutlineFileName:C:\Users\ahesantitu\Desktop\prejentation\Font\Raleway-Regular.ttf
DataFormat:sfntData
FileLength:178520
FileModTime:1617256840
WeightClass:400
WidthClass:5
AngleClass:0
%EndFont

%BeginFont
Handler:DirectoryHandler
FontType:TrueType
FontName:Raleway-SemiBold
FamilyName:Raleway
StyleName:SemiBold
FullName:Raleway SemiBold
MenuName:Raleway SemiBold
StyleBits:0
WritingScript:Roman
OutlineFileName:C:\Users\ahesantitu\Desktop\prejentation\Font\Raleway-SemiBold.ttf
DataFormat:sfntData
FileLength:180492
FileModTime:1617256840
WeightClass:600
WidthClass:5
AngleClass:0
%EndFont

%BeginFont
Handler:DirectoryHandler
FontType:Invalid
OutlineFileName:C:\Users\ahesantitu\Desktop\prejentation\Font\SIL Open Font License.txt
FileModTime:1617256840
%EndFont

